[0.025s][info][gc] Using Concurrent Mark Sweep
[2.115s][info][gc] GC(0) Pause Young (Allocation Failure) 136M->86M(494M) 1201.224ms
[44.333s][info][gc] GC(1) Pause Young (Allocation Failure) 222M->154M(494M) 165.277ms
[44.957s][info][gc] GC(2) Pause Young (Allocation Failure) 291M->243M(494M) 561.073ms
[44.964s][info][gc] GC(3) Pause Initial Mark 246M->246M(494M) 6.852ms
[44.964s][info][gc] GC(3) Concurrent Mark
[45.008s][info][gc] GC(3) Concurrent Mark 44.343ms
[45.008s][info][gc] GC(3) Concurrent Preclean
[45.009s][info][gc] GC(3) Concurrent Preclean 0.506ms
[45.009s][info][gc] GC(3) Concurrent Abortable Preclean
[50.124s][info][gc] GC(3) Concurrent Abortable Preclean 5115.569ms
[50.497s][info][gc] GC(3) Pause Remark 332M->332M(494M) 372.076ms
[50.497s][info][gc] GC(3) Concurrent Sweep
[50.639s][info][gc] GC(3) Concurrent Sweep 142.430ms
[50.639s][info][gc] GC(3) Concurrent Reset
[50.641s][info][gc] GC(3) Concurrent Reset 1.869ms
[87.185s][info][gc] GC(4) Pause Young (Allocation Failure) 247M->210M(494M) 176.621ms
[87.203s][info][gc] GC(5) Pause Initial Mark 213M->213M(494M) 18.570ms
[87.203s][info][gc] GC(5) Concurrent Mark
[87.741s][info][gc] GC(6) Pause Young (Allocation Failure) 327M->278M(494M) 510.178ms
[88.221s][info][gc] GC(5) Concurrent Mark 1017.562ms
[88.221s][info][gc] GC(5) Concurrent Preclean
[88.221s][info][gc] GC(5) Concurrent Preclean 0.511ms
[88.222s][info][gc] GC(5) Concurrent Abortable Preclean
[88.222s][info][gc] GC(5) Concurrent Abortable Preclean 0.013ms
[88.282s][info][gc] GC(5) Pause Remark 361M->361M(494M) 60.351ms
[88.282s][info][gc] GC(5) Concurrent Sweep
[88.393s][info][gc] GC(5) Concurrent Sweep 110.784ms
[88.393s][info][gc] GC(5) Concurrent Reset
[88.393s][info][gc] GC(5) Concurrent Reset 0.412ms
[90.493s][info][gc] GC(7) Pause Initial Mark 361M->361M(494M) 100.029ms
[90.493s][info][gc] GC(7) Concurrent Mark
[90.724s][info][gc] GC(7) Concurrent Mark 230.206ms
[90.724s][info][gc] GC(7) Concurrent Preclean
[90.724s][info][gc] GC(7) Concurrent Preclean 0.487ms
[90.724s][info][gc] GC(7) Concurrent Abortable Preclean
[90.724s][info][gc] GC(7) Concurrent Abortable Preclean 0.013ms
[90.781s][info][gc] GC(7) Pause Remark 361M->361M(494M) 56.475ms
[90.781s][info][gc] GC(7) Concurrent Sweep
[90.930s][info][gc] GC(7) Concurrent Sweep 149.578ms
[90.930s][info][gc] GC(7) Concurrent Reset
[90.931s][info][gc] GC(7) Concurrent Reset 0.617ms
[93.035s][info][gc] GC(8) Pause Initial Mark 268M->268M(494M) 103.716ms
[93.035s][info][gc] GC(8) Concurrent Mark
[93.262s][info][gc] GC(8) Concurrent Mark 226.665ms
[93.262s][info][gc] GC(8) Concurrent Preclean
[93.262s][info][gc] GC(8) Concurrent Preclean 0.503ms
[93.262s][info][gc] GC(8) Concurrent Abortable Preclean
[98.454s][info][gc] GC(8) Concurrent Abortable Preclean 5191.720ms
[98.520s][info][gc] GC(8) Pause Remark 268M->268M(494M) 66.078ms
[98.520s][info][gc] GC(8) Concurrent Sweep
[98.655s][info][gc] GC(8) Concurrent Sweep 135.039ms
[98.655s][info][gc] GC(8) Concurrent Reset
[98.656s][info][gc] GC(8) Concurrent Reset 0.244ms
[100.749s][info][gc] GC(9) Pause Initial Mark 268M->268M(494M) 93.029ms
[100.749s][info][gc] GC(9) Concurrent Mark
[100.916s][info][gc] GC(9) Concurrent Mark 167.315ms
[100.916s][info][gc] GC(9) Concurrent Preclean
[100.916s][info][gc] GC(9) Concurrent Preclean 0.355ms
[100.916s][info][gc] GC(9) Concurrent Abortable Preclean
[106.166s][info][gc] GC(9) Concurrent Abortable Preclean 5249.649ms
[106.226s][info][gc] GC(9) Pause Remark 268M->268M(494M) 59.816ms
[106.226s][info][gc] GC(9) Concurrent Sweep
[106.306s][info][gc] GC(9) Concurrent Sweep 80.484ms
[106.306s][info][gc] GC(9) Concurrent Reset
[106.307s][info][gc] GC(9) Concurrent Reset 0.214ms
[108.404s][info][gc] GC(10) Pause Initial Mark 268M->268M(494M) 97.711ms
[108.404s][info][gc] GC(10) Concurrent Mark
[108.682s][info][gc] GC(10) Concurrent Mark 278.023ms
[108.682s][info][gc] GC(10) Concurrent Preclean
[108.682s][info][gc] GC(10) Concurrent Preclean 0.384ms
[108.682s][info][gc] GC(10) Concurrent Abortable Preclean
[113.779s][info][gc] GC(10) Concurrent Abortable Preclean 5096.992ms
[113.843s][info][gc] GC(10) Pause Remark 268M->268M(494M) 62.960ms
[113.843s][info][gc] GC(10) Concurrent Sweep
[113.950s][info][gc] GC(10) Concurrent Sweep 106.822ms
[113.950s][info][gc] GC(10) Concurrent Reset
[113.950s][info][gc] GC(10) Concurrent Reset 0.412ms
[116.054s][info][gc] GC(11) Pause Initial Mark 268M->268M(494M) 103.797ms
[116.054s][info][gc] GC(11) Concurrent Mark
[116.280s][info][gc] GC(11) Concurrent Mark 225.963ms
[116.280s][info][gc] GC(11) Concurrent Preclean
[116.281s][info][gc] GC(11) Concurrent Preclean 0.489ms
[116.281s][info][gc] GC(11) Concurrent Abortable Preclean
[121.488s][info][gc] GC(11) Concurrent Abortable Preclean 5207.788ms
[121.553s][info][gc] GC(11) Pause Remark 268M->268M(494M) 64.746ms
[121.553s][info][gc] GC(11) Concurrent Sweep
[121.620s][info][gc] GC(11) Concurrent Sweep 66.720ms
[121.620s][info][gc] GC(11) Concurrent Reset
[121.620s][info][gc] GC(11) Concurrent Reset 0.234ms
[123.713s][info][gc] GC(12) Pause Initial Mark 268M->268M(494M) 92.975ms
[123.713s][info][gc] GC(12) Concurrent Mark
[123.880s][info][gc] GC(12) Concurrent Mark 166.832ms
[123.880s][info][gc] GC(12) Concurrent Preclean
[123.880s][info][gc] GC(12) Concurrent Preclean 0.355ms
[123.880s][info][gc] GC(12) Concurrent Abortable Preclean
[129.130s][info][gc] GC(12) Concurrent Abortable Preclean 5250.488ms
[129.189s][info][gc] GC(12) Pause Remark 268M->268M(494M) 58.422ms
[129.189s][info][gc] GC(12) Concurrent Sweep
[129.254s][info][gc] GC(12) Concurrent Sweep 65.214ms
[129.254s][info][gc] GC(12) Concurrent Reset
[129.255s][info][gc] GC(12) Concurrent Reset 0.232ms
[129.948s][info][gc] GC(13) Pause Young (Allocation Failure) 322M->291M(494M) 174.800ms
[129.955s][info][gc] GC(14) Pause Initial Mark 294M->294M(494M) 6.282ms
[129.955s][info][gc] GC(14) Concurrent Mark
[130.200s][info][gc] GC(14) Concurrent Mark 244.934ms
[130.200s][info][gc] GC(14) Concurrent Preclean
[130.258s][info][gc] GC(14) Concurrent Preclean 58.264ms
[130.258s][info][gc] GC(14) Concurrent Abortable Preclean
[130.258s][info][gc] GC(14) Concurrent Abortable Preclean 0.013ms
[130.303s][info][gc] GC(14) Pause Remark 427M->427M(494M) 45.209ms
[130.303s][info][gc] GC(14) Concurrent Sweep
[130.443s][info][gc] GC(14) Concurrent Sweep 139.961ms
[130.443s][info][gc] GC(14) Concurrent Reset
[130.444s][info][gc] GC(14) Concurrent Reset 0.411ms
[132.510s][info][gc] GC(15) Pause Initial Mark 380M->380M(494M) 66.688ms
[132.510s][info][gc] GC(15) Concurrent Mark
[132.679s][info][gc] GC(15) Concurrent Mark 168.606ms
[132.679s][info][gc] GC(15) Concurrent Preclean
[132.680s][info][gc] GC(15) Concurrent Preclean 0.586ms
[132.680s][info][gc] GC(15) Concurrent Abortable Preclean
[132.680s][info][gc] GC(15) Concurrent Abortable Preclean 0.010ms
[132.764s][info][gc] GC(15) Pause Remark 380M->380M(494M) 84.273ms
[132.765s][info][gc] GC(15) Concurrent Sweep
[132.870s][info][gc] GC(15) Concurrent Sweep 105.058ms
[132.870s][info][gc] GC(15) Concurrent Reset
[132.870s][info][gc] GC(15) Concurrent Reset 0.241ms
[134.914s][info][gc] GC(16) Pause Initial Mark 370M->370M(494M) 44.776ms
[134.915s][info][gc] GC(16) Concurrent Mark
[135.061s][info][gc] GC(16) Concurrent Mark 146.049ms
[135.061s][info][gc] GC(16) Concurrent Preclean
[135.061s][info][gc] GC(16) Concurrent Preclean 0.366ms
[135.061s][info][gc] GC(16) Concurrent Abortable Preclean
[135.061s][info][gc] GC(16) Concurrent Abortable Preclean 0.007ms
[135.118s][info][gc] GC(16) Pause Remark 370M->370M(494M) 56.791ms
[135.119s][info][gc] GC(16) Concurrent Sweep
[135.253s][info][gc] GC(16) Concurrent Sweep 134.877ms
[135.253s][info][gc] GC(16) Concurrent Reset
[135.254s][info][gc] GC(16) Concurrent Reset 0.238ms
[137.298s][info][gc] GC(17) Pause Initial Mark 370M->370M(494M) 44.119ms
[137.298s][info][gc] GC(17) Concurrent Mark
[137.475s][info][gc] GC(17) Concurrent Mark 176.651ms
[137.475s][info][gc] GC(17) Concurrent Preclean
[137.475s][info][gc] GC(17) Concurrent Preclean 0.354ms
[137.475s][info][gc] GC(17) Concurrent Abortable Preclean
[137.475s][info][gc] GC(17) Concurrent Abortable Preclean 0.007ms
[137.532s][info][gc] GC(17) Pause Remark 370M->370M(494M) 56.715ms
[137.532s][info][gc] GC(17) Concurrent Sweep
[137.619s][info][gc] GC(17) Concurrent Sweep 86.727ms
[137.619s][info][gc] GC(17) Concurrent Reset
[137.619s][info][gc] GC(17) Concurrent Reset 0.240ms
[139.665s][info][gc] GC(18) Pause Initial Mark 370M->370M(494M) 46.451ms
[139.665s][info][gc] GC(18) Concurrent Mark
[139.809s][info][gc] GC(18) Concurrent Mark 143.688ms
[139.809s][info][gc] GC(18) Concurrent Preclean
[139.809s][info][gc] GC(18) Concurrent Preclean 0.351ms
[139.809s][info][gc] GC(18) Concurrent Abortable Preclean
[139.809s][info][gc] GC(18) Concurrent Abortable Preclean 0.007ms
[139.861s][info][gc] GC(18) Pause Remark 370M->370M(494M) 52.442ms
[139.862s][info][gc] GC(18) Concurrent Sweep
[139.932s][info][gc] GC(18) Concurrent Sweep 70.182ms
[139.932s][info][gc] GC(18) Concurrent Reset
[139.932s][info][gc] GC(18) Concurrent Reset 0.234ms
[141.976s][info][gc] GC(19) Pause Initial Mark 370M->370M(494M) 44.016ms
[141.976s][info][gc] GC(19) Concurrent Mark
[142.121s][info][gc] GC(19) Concurrent Mark 145.256ms
[142.121s][info][gc] GC(19) Concurrent Preclean
[142.122s][info][gc] GC(19) Concurrent Preclean 0.352ms
[142.122s][info][gc] GC(19) Concurrent Abortable Preclean
[142.122s][info][gc] GC(19) Concurrent Abortable Preclean 0.007ms
[142.181s][info][gc] GC(19) Pause Remark 370M->370M(494M) 59.848ms
[142.182s][info][gc] GC(19) Concurrent Sweep
[142.247s][info][gc] GC(19) Concurrent Sweep 65.017ms
[142.247s][info][gc] GC(19) Concurrent Reset
[142.247s][info][gc] GC(19) Concurrent Reset 0.231ms
[144.308s][info][gc] GC(20) Pause Initial Mark 370M->370M(494M) 61.097ms
[144.308s][info][gc] GC(20) Concurrent Mark
[144.481s][info][gc] GC(20) Concurrent Mark 172.684ms
[144.481s][info][gc] GC(20) Concurrent Preclean
[144.481s][info][gc] GC(20) Concurrent Preclean 0.371ms
[144.481s][info][gc] GC(20) Concurrent Abortable Preclean
[144.481s][info][gc] GC(20) Concurrent Abortable Preclean 0.007ms
[144.541s][info][gc] GC(20) Pause Remark 370M->370M(494M) 59.208ms
[144.541s][info][gc] GC(20) Concurrent Sweep
[144.619s][info][gc] GC(20) Concurrent Sweep 78.222ms
[144.619s][info][gc] GC(20) Concurrent Reset
[144.620s][info][gc] GC(20) Concurrent Reset 0.650ms
[146.665s][info][gc] GC(21) Pause Initial Mark 370M->370M(494M) 46.234ms
[146.665s][info][gc] GC(21) Concurrent Mark
[146.809s][info][gc] GC(21) Concurrent Mark 143.635ms
[146.809s][info][gc] GC(21) Concurrent Preclean
[146.809s][info][gc] GC(21) Concurrent Preclean 0.456ms
[146.809s][info][gc] GC(21) Concurrent Abortable Preclean
[146.809s][info][gc] GC(21) Concurrent Abortable Preclean 0.006ms
[146.863s][info][gc] GC(21) Pause Remark 370M->370M(494M) 53.058ms
[146.863s][info][gc] GC(21) Concurrent Sweep
[146.926s][info][gc] GC(21) Concurrent Sweep 63.114ms
[146.926s][info][gc] GC(21) Concurrent Reset
[146.926s][info][gc] GC(21) Concurrent Reset 0.235ms
[148.971s][info][gc] GC(22) Pause Initial Mark 370M->370M(494M) 45.392ms
[148.971s][info][gc] GC(22) Concurrent Mark
[149.117s][info][gc] GC(22) Concurrent Mark 145.195ms
[149.117s][info][gc] GC(22) Concurrent Preclean
[149.117s][info][gc] GC(22) Concurrent Preclean 0.353ms
[149.117s][info][gc] GC(22) Concurrent Abortable Preclean
[149.117s][info][gc] GC(22) Concurrent Abortable Preclean 0.006ms
[149.170s][info][gc] GC(22) Pause Remark 370M->370M(494M) 53.126ms
[149.170s][info][gc] GC(22) Concurrent Sweep
[149.273s][info][gc] GC(22) Concurrent Sweep 102.476ms
[149.273s][info][gc] GC(22) Concurrent Reset
[149.273s][info][gc] GC(22) Concurrent Reset 0.527ms
[151.317s][info][gc] GC(23) Pause Initial Mark 370M->370M(494M) 44.446ms
[151.317s][info][gc] GC(23) Concurrent Mark
[151.530s][info][gc] GC(23) Concurrent Mark 212.089ms
[151.530s][info][gc] GC(23) Concurrent Preclean
[151.530s][info][gc] GC(23) Concurrent Preclean 0.503ms
[151.530s][info][gc] GC(23) Concurrent Abortable Preclean
[151.530s][info][gc] GC(23) Concurrent Abortable Preclean 0.013ms
[151.592s][info][gc] GC(23) Pause Remark 370M->370M(494M) 61.480ms
[151.592s][info][gc] GC(23) Concurrent Sweep
[151.672s][info][gc] GC(23) Concurrent Sweep 79.945ms
[151.672s][info][gc] GC(23) Concurrent Reset
[151.673s][info][gc] GC(23) Concurrent Reset 0.573ms
[153.717s][info][gc] GC(24) Pause Initial Mark 370M->370M(494M) 44.429ms
[153.717s][info][gc] GC(24) Concurrent Mark
[153.914s][info][gc] GC(24) Concurrent Mark 196.291ms
[153.914s][info][gc] GC(24) Concurrent Preclean
[153.914s][info][gc] GC(24) Concurrent Preclean 0.492ms
[153.914s][info][gc] GC(24) Concurrent Abortable Preclean
[153.914s][info][gc] GC(24) Concurrent Abortable Preclean 0.010ms
[153.975s][info][gc] GC(24) Pause Remark 370M->370M(494M) 60.925ms
[153.976s][info][gc] GC(24) Concurrent Sweep
[154.060s][info][gc] GC(24) Concurrent Sweep 84.229ms
[154.060s][info][gc] GC(24) Concurrent Reset
[154.060s][info][gc] GC(24) Concurrent Reset 0.422ms
[156.115s][info][gc] GC(25) Pause Initial Mark 370M->370M(494M) 54.342ms
[156.115s][info][gc] GC(25) Concurrent Mark
[156.259s][info][gc] GC(25) Concurrent Mark 144.332ms
[156.260s][info][gc] GC(25) Concurrent Preclean
[156.260s][info][gc] GC(25) Concurrent Preclean 0.341ms
[156.260s][info][gc] GC(25) Concurrent Abortable Preclean
[156.260s][info][gc] GC(25) Concurrent Abortable Preclean 0.007ms
[156.313s][info][gc] GC(25) Pause Remark 370M->370M(494M) 52.652ms
[156.313s][info][gc] GC(25) Concurrent Sweep
[156.376s][info][gc] GC(25) Concurrent Sweep 63.101ms
[156.376s][info][gc] GC(25) Concurrent Reset
[156.376s][info][gc] GC(25) Concurrent Reset 0.238ms
[158.422s][info][gc] GC(26) Pause Initial Mark 370M->370M(494M) 45.745ms
[158.422s][info][gc] GC(26) Concurrent Mark
[158.570s][info][gc] GC(26) Concurrent Mark 148.002ms
[158.570s][info][gc] GC(26) Concurrent Preclean
[158.570s][info][gc] GC(26) Concurrent Preclean 0.347ms
[158.570s][info][gc] GC(26) Concurrent Abortable Preclean
[158.570s][info][gc] GC(26) Concurrent Abortable Preclean 0.007ms
[158.622s][info][gc] GC(26) Pause Remark 370M->370M(494M) 51.875ms
[158.622s][info][gc] GC(26) Concurrent Sweep
[158.687s][info][gc] GC(26) Concurrent Sweep 64.189ms
[158.687s][info][gc] GC(26) Concurrent Reset
[158.687s][info][gc] GC(26) Concurrent Reset 0.236ms
[160.743s][info][gc] GC(27) Pause Initial Mark 370M->370M(494M) 56.086ms
[160.743s][info][gc] GC(27) Concurrent Mark
[160.889s][info][gc] GC(27) Concurrent Mark 146.101ms
[160.889s][info][gc] GC(27) Concurrent Preclean
[160.890s][info][gc] GC(27) Concurrent Preclean 0.500ms
[160.890s][info][gc] GC(27) Concurrent Abortable Preclean
[160.890s][info][gc] GC(27) Concurrent Abortable Preclean 0.007ms
[160.941s][info][gc] GC(27) Pause Remark 370M->370M(494M) 51.701ms
[160.941s][info][gc] GC(27) Concurrent Sweep
[161.005s][info][gc] GC(27) Concurrent Sweep 63.632ms
[161.005s][info][gc] GC(27) Concurrent Reset
[161.005s][info][gc] GC(27) Concurrent Reset 0.249ms
[163.067s][info][gc] GC(28) Pause Initial Mark 370M->370M(494M) 60.395ms
[163.068s][info][gc] GC(28) Concurrent Mark
[163.262s][info][gc] GC(28) Concurrent Mark 194.295ms
[163.262s][info][gc] GC(28) Concurrent Preclean
[163.262s][info][gc] GC(28) Concurrent Preclean 0.423ms
[163.263s][info][gc] GC(28) Concurrent Abortable Preclean
[163.263s][info][gc] GC(28) Concurrent Abortable Preclean 0.009ms
[163.327s][info][gc] GC(28) Pause Remark 370M->370M(494M) 64.422ms
[163.327s][info][gc] GC(28) Concurrent Sweep
[163.428s][info][gc] GC(28) Concurrent Sweep 100.686ms
[163.428s][info][gc] GC(28) Concurrent Reset
[163.428s][info][gc] GC(28) Concurrent Reset 0.607ms
[165.483s][info][gc] GC(29) Pause Initial Mark 370M->370M(494M) 54.149ms
[165.483s][info][gc] GC(29) Concurrent Mark
[165.655s][info][gc] GC(29) Concurrent Mark 172.461ms
[165.655s][info][gc] GC(29) Concurrent Preclean
[165.656s][info][gc] GC(29) Concurrent Preclean 0.349ms
[165.656s][info][gc] GC(29) Concurrent Abortable Preclean
[165.656s][info][gc] GC(29) Concurrent Abortable Preclean 0.008ms
[165.712s][info][gc] GC(29) Pause Remark 370M->370M(494M) 55.942ms
[165.712s][info][gc] GC(29) Concurrent Sweep
[165.777s][info][gc] GC(29) Concurrent Sweep 64.609ms
[165.777s][info][gc] GC(29) Concurrent Reset
[165.777s][info][gc] GC(29) Concurrent Reset 0.233ms
[167.820s][info][gc] GC(30) Pause Initial Mark 370M->370M(494M) 44.249ms
[167.821s][info][gc] GC(30) Concurrent Mark
[168.056s][info][gc] GC(30) Concurrent Mark 235.004ms
[168.056s][info][gc] GC(30) Concurrent Preclean
[168.056s][info][gc] GC(30) Concurrent Preclean 0.492ms
[168.056s][info][gc] GC(30) Concurrent Abortable Preclean
[168.056s][info][gc] GC(30) Concurrent Abortable Preclean 0.010ms
[168.108s][info][gc] GC(30) Pause Remark 370M->370M(494M) 51.576ms
[168.108s][info][gc] GC(30) Concurrent Sweep
[168.189s][info][gc] GC(30) Concurrent Sweep 81.151ms
[168.189s][info][gc] GC(30) Concurrent Reset
[168.190s][info][gc] GC(30) Concurrent Reset 0.642ms
[170.245s][info][gc] GC(31) Pause Initial Mark 370M->370M(494M) 55.500ms
[170.245s][info][gc] GC(31) Concurrent Mark
[170.451s][info][gc] GC(31) Concurrent Mark 205.838ms
[170.451s][info][gc] GC(31) Concurrent Preclean
[170.452s][info][gc] GC(31) Concurrent Preclean 0.482ms
[170.452s][info][gc] GC(31) Concurrent Abortable Preclean
[170.452s][info][gc] GC(31) Concurrent Abortable Preclean 0.012ms
[170.506s][info][gc] GC(31) Pause Remark 370M->370M(494M) 53.570ms
[170.506s][info][gc] GC(31) Concurrent Sweep
[170.573s][info][gc] GC(31) Concurrent Sweep 67.179ms
[170.573s][info][gc] GC(31) Concurrent Reset
[170.573s][info][gc] GC(31) Concurrent Reset 0.219ms
[172.691s][info][gc] GC(33) Pause Full (Allocation Failure) 370M->283M(494M) 699.279ms
[172.691s][info][gc] GC(32) Pause Young (Allocation Failure) 370M->283M(494M) 699.371ms
[172.691s][info][gc] GC(34) Pause Initial Mark 286M->286M(494M) 0.125ms
[172.692s][info][gc] GC(34) Concurrent Mark
[173.102s][info][gc] GC(34) Concurrent Mark 409.962ms
[173.737s][info][gc] GC(36) Pause Full (Allocation Failure) 419M->365M(494M) 1022.727ms
[173.737s][info][gc] GC(35) Pause Young (Allocation Failure) 419M->365M(494M) 1022.799ms
[174.656s][info][gc] GC(37) Pause Full (Allocation Failure) 494M->421M(494M) 734.129ms
[174.855s][info][gc] GC(38) Pause Initial Mark 424M->424M(494M) 199.125ms
[174.855s][info][gc] GC(38) Concurrent Mark
[175.480s][info][gc] GC(38) Concurrent Mark 624.716ms
[175.480s][info][gc] GC(38) Concurrent Preclean
[175.881s][info][gc] GC(38) Concurrent Preclean 401.440ms
[175.882s][info][gc] GC(38) Concurrent Abortable Preclean
[175.882s][info][gc] GC(38) Concurrent Abortable Preclean 0.011ms
[175.981s][info][gc] GC(38) Pause Remark 427M->427M(494M) 99.158ms
[175.981s][info][gc] GC(38) Concurrent Sweep
[176.167s][info][gc] GC(38) Concurrent Sweep 185.706ms
[176.167s][info][gc] GC(38) Concurrent Reset
[176.167s][info][gc] GC(38) Concurrent Reset 0.535ms
[178.340s][info][gc] GC(39) Pause Initial Mark 427M->427M(494M) 172.812ms
[178.340s][info][gc] GC(39) Concurrent Mark
[178.769s][info][gc] GC(39) Concurrent Mark 429.247ms
[178.769s][info][gc] GC(39) Concurrent Preclean
[178.770s][info][gc] GC(39) Concurrent Preclean 0.507ms
[178.770s][info][gc] GC(39) Concurrent Abortable Preclean
[178.770s][info][gc] GC(39) Concurrent Abortable Preclean 0.009ms
[178.888s][info][gc] GC(39) Pause Remark 427M->427M(494M) 117.773ms
[178.888s][info][gc] GC(39) Concurrent Sweep
[179.153s][info][gc] GC(39) Concurrent Sweep 265.075ms
[179.153s][info][gc] GC(39) Concurrent Reset
[179.153s][info][gc] GC(39) Concurrent Reset 0.424ms
[181.365s][info][gc] GC(40) Pause Initial Mark 370M->370M(494M) 211.569ms
[181.366s][info][gc] GC(40) Concurrent Mark
[181.825s][info][gc] GC(40) Concurrent Mark 458.709ms
[181.825s][info][gc] GC(40) Concurrent Preclean
[181.825s][info][gc] GC(40) Concurrent Preclean 0.618ms
[181.825s][info][gc] GC(40) Concurrent Abortable Preclean
[186.868s][info][gc] GC(40) Concurrent Abortable Preclean 5042.660ms
[186.971s][info][gc] GC(40) Pause Remark 370M->370M(494M) 102.686ms
[186.971s][info][gc] GC(40) Concurrent Sweep
[187.098s][info][gc] GC(40) Concurrent Sweep 126.710ms
[187.098s][info][gc] GC(40) Concurrent Reset
[187.098s][info][gc] GC(40) Concurrent Reset 0.234ms
[189.267s][info][gc] GC(41) Pause Initial Mark 370M->370M(494M) 169.629ms
[189.267s][info][gc] GC(41) Concurrent Mark
[189.595s][info][gc] GC(41) Concurrent Mark 328.260ms
[189.595s][info][gc] GC(41) Concurrent Preclean
[189.596s][info][gc] GC(41) Concurrent Preclean 0.348ms
[189.596s][info][gc] GC(41) Concurrent Abortable Preclean
[194.671s][info][gc] GC(41) Concurrent Abortable Preclean 5074.697ms
[194.779s][info][gc] GC(41) Pause Remark 370M->370M(494M) 107.825ms
[194.779s][info][gc] GC(41) Concurrent Sweep
[194.942s][info][gc] GC(41) Concurrent Sweep 162.953ms
[194.942s][info][gc] GC(41) Concurrent Reset
[194.942s][info][gc] GC(41) Concurrent Reset 0.236ms
[197.133s][info][gc] GC(42) Pause Initial Mark 370M->370M(494M) 190.976ms
[197.133s][info][gc] GC(42) Concurrent Mark
[197.467s][info][gc] GC(42) Concurrent Mark 333.744ms
[197.467s][info][gc] GC(42) Concurrent Preclean
[197.467s][info][gc] GC(42) Concurrent Preclean 0.358ms
[197.467s][info][gc] GC(42) Concurrent Abortable Preclean
[202.536s][info][gc] GC(42) Concurrent Abortable Preclean 5069.235ms
[202.654s][info][gc] GC(42) Pause Remark 370M->370M(494M) 117.479ms
[202.655s][info][gc] GC(42) Concurrent Sweep
[202.801s][info][gc] GC(42) Concurrent Sweep 146.416ms
[202.801s][info][gc] GC(42) Concurrent Reset
[202.802s][info][gc] GC(42) Concurrent Reset 0.707ms
[204.983s][info][gc] GC(43) Pause Initial Mark 370M->370M(494M) 181.001ms
[204.983s][info][gc] GC(43) Concurrent Mark
[205.418s][info][gc] GC(43) Concurrent Mark 435.341ms
[205.418s][info][gc] GC(43) Concurrent Preclean
[205.419s][info][gc] GC(43) Concurrent Preclean 0.492ms
[205.419s][info][gc] GC(43) Concurrent Abortable Preclean
[210.488s][info][gc] GC(43) Concurrent Abortable Preclean 5069.127ms
[210.606s][info][gc] GC(43) Pause Remark 370M->370M(494M) 117.362ms
[210.606s][info][gc] GC(43) Concurrent Sweep
[210.753s][info][gc] GC(43) Concurrent Sweep 146.995ms
[210.753s][info][gc] GC(43) Concurrent Reset
[210.754s][info][gc] GC(43) Concurrent Reset 0.714ms
[212.947s][info][gc] GC(44) Pause Initial Mark 370M->370M(494M) 192.684ms
[212.947s][info][gc] GC(44) Concurrent Mark
[213.456s][info][gc] GC(44) Concurrent Mark 508.748ms
[213.456s][info][gc] GC(44) Concurrent Preclean
[213.457s][info][gc] GC(44) Concurrent Preclean 0.498ms
[213.457s][info][gc] GC(44) Concurrent Abortable Preclean
[217.666s][info][gc] GC(44) Concurrent Abortable Preclean 4209.430ms
[218.512s][info][gc] GC(46) Pause Full (Allocation Failure) 415M->395M(494M) 1099.516ms
[218.512s][info][gc] GC(45) Pause Young (Allocation Failure) 415M->395M(494M) 1479.412ms
[219.529s][info][gc] GC(47) Pause Full (Allocation Failure) 494M->454M(494M) 843.062ms
[219.626s][info][gc] GC(48) Pause Initial Mark 457M->457M(494M) 96.764ms
[219.626s][info][gc] GC(48) Concurrent Mark
[219.825s][info][gc] GC(48) Concurrent Mark 198.823ms
[220.517s][info][gc] GC(49) Pause Full (Allocation Failure) 494M->478M(494M) 724.674ms
[222.635s][info][gc] GC(50) Pause Initial Mark 483M->483M(494M) 119.232ms
[222.635s][info][gc] GC(50) Concurrent Mark
[222.867s][info][gc] GC(50) Concurrent Mark 231.808ms
[222.867s][info][gc] GC(50) Concurrent Preclean
[223.129s][info][gc] GC(50) Concurrent Preclean 261.519ms
[223.129s][info][gc] GC(50) Concurrent Abortable Preclean
[223.129s][info][gc] GC(50) Concurrent Abortable Preclean 0.005ms
[223.248s][info][gc] GC(50) Pause Remark 483M->483M(494M) 119.264ms
[223.248s][info][gc] GC(50) Concurrent Sweep
[223.393s][info][gc] GC(50) Concurrent Sweep 145.310ms
[223.393s][info][gc] GC(50) Concurrent Reset
[223.394s][info][gc] GC(50) Concurrent Reset 0.236ms
[225.483s][info][gc] GC(51) Pause Initial Mark 425M->425M(494M) 89.770ms
[225.483s][info][gc] GC(51) Concurrent Mark
[225.693s][info][gc] GC(51) Concurrent Mark 209.290ms
[225.693s][info][gc] GC(51) Concurrent Preclean
[225.693s][info][gc] GC(51) Concurrent Preclean 0.372ms
[225.693s][info][gc] GC(51) Concurrent Abortable Preclean
[230.715s][info][gc] GC(51) Concurrent Abortable Preclean 5022.005ms
[230.841s][info][gc] GC(51) Pause Remark 425M->425M(494M) 125.460ms
[230.841s][info][gc] GC(51) Concurrent Sweep
[230.935s][info][gc] GC(51) Concurrent Sweep 93.585ms
[230.935s][info][gc] GC(51) Concurrent Reset
[230.935s][info][gc] GC(51) Concurrent Reset 0.227ms
[233.037s][info][gc] GC(52) Pause Initial Mark 425M->425M(494M) 101.267ms
[233.037s][info][gc] GC(52) Concurrent Mark
[233.246s][info][gc] GC(52) Concurrent Mark 208.684ms
[233.246s][info][gc] GC(52) Concurrent Preclean
[233.246s][info][gc] GC(52) Concurrent Preclean 0.352ms
[233.246s][info][gc] GC(52) Concurrent Abortable Preclean
[238.271s][info][gc] GC(52) Concurrent Abortable Preclean 5024.732ms
[238.380s][info][gc] GC(52) Pause Remark 425M->425M(494M) 109.628ms
[238.381s][info][gc] GC(52) Concurrent Sweep
[238.474s][info][gc] GC(52) Concurrent Sweep 93.455ms
[238.474s][info][gc] GC(52) Concurrent Reset
[238.474s][info][gc] GC(52) Concurrent Reset 0.234ms
[240.596s][info][gc] GC(53) Pause Initial Mark 425M->425M(494M) 122.170ms
[240.596s][info][gc] GC(53) Concurrent Mark
[240.848s][info][gc] GC(53) Concurrent Mark 251.597ms
[240.848s][info][gc] GC(53) Concurrent Preclean
[240.848s][info][gc] GC(53) Concurrent Preclean 0.354ms
[240.848s][info][gc] GC(53) Concurrent Abortable Preclean
[245.949s][info][gc] GC(53) Concurrent Abortable Preclean 5100.891ms
[246.075s][info][gc] GC(53) Pause Remark 425M->425M(494M) 125.387ms
[246.075s][info][gc] GC(53) Concurrent Sweep
[246.184s][info][gc] GC(53) Concurrent Sweep 108.979ms
[246.184s][info][gc] GC(53) Concurrent Reset
[246.185s][info][gc] GC(53) Concurrent Reset 0.519ms
[248.278s][info][gc] GC(54) Pause Initial Mark 425M->425M(494M) 93.951ms
[248.278s][info][gc] GC(54) Concurrent Mark
[248.489s][info][gc] GC(54) Concurrent Mark 210.266ms
[248.489s][info][gc] GC(54) Concurrent Preclean
[248.489s][info][gc] GC(54) Concurrent Preclean 0.351ms
[248.489s][info][gc] GC(54) Concurrent Abortable Preclean
[253.510s][info][gc] GC(54) Concurrent Abortable Preclean 5020.817ms
[253.621s][info][gc] GC(54) Pause Remark 425M->425M(494M) 111.003ms
[253.621s][info][gc] GC(54) Concurrent Sweep
[253.715s][info][gc] GC(54) Concurrent Sweep 94.100ms
[253.715s][info][gc] GC(54) Concurrent Reset
[253.715s][info][gc] GC(54) Concurrent Reset 0.240ms
[255.828s][info][gc] GC(55) Pause Initial Mark 425M->425M(494M) 112.869ms
[255.828s][info][gc] GC(55) Concurrent Mark
[256.123s][info][gc] GC(55) Concurrent Mark 294.908ms
[256.123s][info][gc] GC(55) Concurrent Preclean
[256.124s][info][gc] GC(55) Concurrent Preclean 0.494ms
[256.124s][info][gc] GC(55) Concurrent Abortable Preclean
[261.174s][info][gc] GC(55) Concurrent Abortable Preclean 5050.545ms
[261.288s][info][gc] GC(55) Pause Remark 425M->425M(494M) 113.565ms
[261.288s][info][gc] GC(55) Concurrent Sweep
[261.410s][info][gc] GC(55) Concurrent Sweep 121.897ms
[261.410s][info][gc] GC(55) Concurrent Reset
[261.411s][info][gc] GC(55) Concurrent Reset 0.512ms
[263.963s][info][gc] GC(57) Pause Full (Allocation Failure) 494M->431M(494M) 752.395ms
[263.963s][info][gc] GC(56) Pause Young (Allocation Failure) 437M->431M(494M) 1286.142ms
[264.023s][info][gc] GC(58) Pause Initial Mark 432M->432M(494M) 59.416ms
[264.023s][info][gc] GC(58) Concurrent Mark
[264.469s][info][gc] GC(58) Concurrent Mark 446.016ms
[265.185s][info][gc] GC(59) Pause Full (Allocation Failure) 494M->469M(494M) 997.700ms
[266.028s][info][gc] GC(60) Pause Full (Allocation Failure) 494M->484M(494M) 681.436ms
[266.141s][info][gc] GC(61) Pause Initial Mark 484M->484M(494M) 112.298ms
[266.141s][info][gc] GC(61) Concurrent Mark
[266.508s][info][gc] GC(61) Concurrent Mark 367.453ms
[267.189s][info][gc] GC(62) Pause Full (Allocation Failure) 494M->490M(494M) 954.275ms
[267.972s][info][gc] GC(63) Pause Full (Allocation Failure) 494M->493M(494M) 744.770ms
[268.085s][info][gc] GC(64) Pause Initial Mark 493M->493M(494M) 112.302ms
[268.085s][info][gc] GC(64) Concurrent Mark
[268.501s][info][gc] GC(64) Concurrent Mark 416.295ms
[269.257s][info][gc] GC(65) Pause Full (Allocation Failure) 494M->494M(494M) 1156.775ms
[269.939s][info][gc] GC(66) Pause Full (Allocation Failure) 494M->494M(494M) 675.913ms
[270.055s][info][gc] GC(67) Pause Initial Mark 494M->494M(494M) 116.095ms
[270.055s][info][gc] GC(67) Concurrent Mark
[270.422s][info][gc] GC(67) Concurrent Mark 367.079ms
[271.101s][info][gc] GC(68) Pause Full (Allocation Failure) 494M->494M(494M) 1043.683ms
[271.795s][info][gc] GC(69) Pause Full (Allocation Failure) 494M->494M(494M) 692.739ms
[271.898s][info][gc] GC(70) Pause Initial Mark 494M->494M(494M) 101.584ms
[271.898s][info][gc] GC(70) Concurrent Mark
[272.170s][info][gc] GC(70) Concurrent Mark 271.236ms
[273.132s][info][gc] GC(71) Pause Full (Allocation Failure) 494M->494M(494M) 1233.130ms
[273.810s][info][gc] GC(72) Pause Full (Allocation Failure) 494M->494M(494M) 677.716ms
[274.516s][info][gc] GC(73) Pause Full (Allocation Failure) 494M->494M(494M) 705.469ms
[275.319s][info][gc] GC(74) Pause Full (Allocation Failure) 494M->494M(494M) 803.292ms
[275.434s][info][gc] GC(75) Pause Initial Mark 494M->494M(494M) 114.064ms
[275.434s][info][gc] GC(75) Concurrent Mark
[275.719s][info][gc] GC(75) Concurrent Mark 284.665ms
[276.781s][info][gc] GC(76) Pause Full (Allocation Failure) 494M->494M(494M) 1346.259ms
[277.651s][info][gc] GC(77) Pause Full (Allocation Failure) 494M->494M(494M) 869.259ms
[277.751s][info][gc] GC(78) Pause Initial Mark 494M->494M(494M) 99.929ms
[277.751s][info][gc] GC(78) Concurrent Mark
[278.018s][info][gc] GC(78) Concurrent Mark 266.499ms
[278.873s][info][gc] GC(79) Pause Full (Allocation Failure) 494M->494M(494M) 1121.554ms
[279.947s][info][gc] GC(80) Pause Full (Allocation Failure) 494M->494M(494M) 1074.094ms
[280.045s][info][gc] GC(81) Pause Initial Mark 494M->494M(494M) 97.236ms
[280.045s][info][gc] GC(81) Concurrent Mark
[280.340s][info][gc] GC(81) Concurrent Mark 295.277ms
[281.421s][info][gc] GC(82) Pause Full (Allocation Failure) 494M->494M(494M) 1375.498ms
[282.485s][info][gc] GC(83) Pause Full (Allocation Failure) 494M->494M(494M) 1063.795ms
[283.490s][info][gc] GC(84) Pause Full (Allocation Failure) 494M->494M(494M) 1004.638ms
[283.594s][info][gc] GC(85) Pause Initial Mark 494M->494M(494M) 102.910ms
[283.595s][info][gc] GC(85) Concurrent Mark
[293.660s][info][gc] GC(85) Concurrent Mark 10064.942ms
[293.798s][info][gc] GC(86) Pause Full (Allocation Failure) 494M->1M(494M) 523.180ms
