[0.068s][info][gc] Using Serial
[1.309s][info][gc] GC(0) Pause Young (Allocation Failure) 136M->66M(494M) 180.710ms
[1.560s][info][gc] GC(1) Pause Young (Allocation Failure) 203M->138M(494M) 212.674ms
[43.829s][info][gc] GC(2) Pause Young (Allocation Failure) 274M->217M(494M) 157.162ms
[86.008s][info][gc] GC(3) Pause Young (Allocation Failure) 354M->313M(494M) 139.096ms
[86.483s][info][gc] GC(5) Pause Full (Allocation Failure) 432M->248M(494M) 446.263ms
[86.483s][info][gc] GC(4) Pause Young (Allocation Failure) 432M->248M(494M) 446.325ms
[129.036s][info][gc] GC(7) Pause Full (Allocation Failure) 384M->258M(494M) 513.562ms
[129.036s][info][gc] GC(6) Pause Young (Allocation Failure) 384M->258M(494M) 513.659ms
[171.867s][info][gc] GC(9) Pause Full (Allocation Failure) 395M->283M(494M) 778.616ms
[171.867s][info][gc] GC(8) Pause Young (Allocation Failure) 395M->283M(494M) 778.829ms
[172.574s][info][gc] GC(11) Pause Full (Allocation Failure) 420M->365M(494M) 663.659ms
[172.574s][info][gc] GC(10) Pause Young (Allocation Failure) 420M->365M(494M) 663.720ms
[173.415s][info][gc] GC(12) Pause Full (Allocation Failure) 494M->421M(494M) 664.315ms
[216.365s][info][gc] GC(13) Pause Full (Allocation Failure) 494M->408M(494M) 607.983ms
[217.806s][info][gc] GC(14) Pause Full (Allocation Failure) 494M->477M(494M) 791.774ms
[219.074s][info][gc] GC(15) Pause Full (Allocation Failure) 494M->470M(494M) 875.870ms
[262.051s][info][gc] GC(16) Pause Full (Allocation Failure) 494M->428M(494M) 772.823ms
[263.367s][info][gc] GC(17) Pause Full (Allocation Failure) 494M->485M(494M) 790.805ms
[264.223s][info][gc] GC(18) Pause Full (Allocation Failure) 494M->491M(494M) 780.698ms
[265.019s][info][gc] GC(19) Pause Full (Allocation Failure) 494M->476M(494M) 763.432ms
[265.955s][info][gc] GC(20) Pause Full (Allocation Failure) 494M->494M(494M) 789.932ms
[266.724s][info][gc] GC(21) Pause Full (Allocation Failure) 494M->494M(494M) 768.284ms
[267.320s][info][gc] GC(22) Pause Full (Allocation Failure) 494M->494M(494M) 596.046ms
[267.904s][info][gc] GC(23) Pause Full (Allocation Failure) 494M->487M(494M) 583.424ms
[268.575s][info][gc] GC(24) Pause Full (Allocation Failure) 494M->494M(494M) 598.991ms
[269.202s][info][gc] GC(25) Pause Full (Allocation Failure) 494M->494M(494M) 626.949ms
[269.795s][info][gc] GC(26) Pause Full (Allocation Failure) 494M->494M(494M) 592.437ms
[270.400s][info][gc] GC(27) Pause Full (Allocation Failure) 494M->491M(494M) 604.912ms
[271.006s][info][gc] GC(28) Pause Full (Allocation Failure) 494M->494M(494M) 582.847ms
[271.590s][info][gc] GC(29) Pause Full (Allocation Failure) 494M->493M(494M) 583.601ms
[272.193s][info][gc] GC(30) Pause Full (Allocation Failure) 494M->494M(494M) 591.574ms
[272.783s][info][gc] GC(31) Pause Full (Allocation Failure) 494M->494M(494M) 589.936ms
[273.371s][info][gc] GC(32) Pause Full (Allocation Failure) 494M->494M(494M) 584.126ms
[273.953s][info][gc] GC(33) Pause Full (Allocation Failure) 494M->494M(494M) 581.552ms
[274.536s][info][gc] GC(34) Pause Full (Allocation Failure) 494M->494M(494M) 581.715ms
[275.120s][info][gc] GC(35) Pause Full (Allocation Failure) 494M->494M(494M) 583.440ms
[275.710s][info][gc] GC(36) Pause Full (Allocation Failure) 494M->494M(494M) 584.226ms
[276.300s][info][gc] GC(37) Pause Full (Allocation Failure) 494M->494M(494M) 589.188ms
[276.888s][info][gc] GC(38) Pause Full (Allocation Failure) 494M->494M(494M) 587.803ms
[277.474s][info][gc] GC(39) Pause Full (Allocation Failure) 494M->494M(494M) 585.497ms
[278.064s][info][gc] GC(40) Pause Full (Allocation Failure) 494M->494M(494M) 590.016ms
[278.652s][info][gc] GC(41) Pause Full (Allocation Failure) 494M->494M(494M) 588.159ms
[279.240s][info][gc] GC(42) Pause Full (Allocation Failure) 494M->494M(494M) 587.798ms
[279.829s][info][gc] GC(43) Pause Full (Allocation Failure) 494M->494M(494M) 588.842ms
[280.414s][info][gc] GC(44) Pause Full (Allocation Failure) 494M->494M(494M) 584.821ms
[281.000s][info][gc] GC(45) Pause Full (Allocation Failure) 494M->494M(494M) 585.199ms
[281.585s][info][gc] GC(46) Pause Full (Allocation Failure) 494M->494M(494M) 584.790ms
[282.371s][info][gc] GC(47) Pause Full (Allocation Failure) 494M->494M(494M) 786.269ms
[283.140s][info][gc] GC(48) Pause Full (Allocation Failure) 494M->494M(494M) 768.690ms
[283.931s][info][gc] GC(49) Pause Full (Allocation Failure) 494M->494M(494M) 791.125ms
[284.689s][info][gc] GC(50) Pause Full (Allocation Failure) 494M->494M(494M) 757.330ms
[285.462s][info][gc] GC(51) Pause Full (Allocation Failure) 494M->494M(494M) 773.025ms
[286.223s][info][gc] GC(52) Pause Full (Allocation Failure) 494M->494M(494M) 761.311ms
[286.995s][info][gc] GC(53) Pause Full (Allocation Failure) 494M->494M(494M) 772.144ms
[287.764s][info][gc] GC(54) Pause Full (Allocation Failure) 494M->494M(494M) 768.119ms
[295.065s][info][gc] GC(55) Pause Full (Allocation Failure) 494M->1M(494M) 105.589ms
